[0.032s] Invoking command in '/home/user/ros2_ws/build/ros2_kdl_package': /usr/bin/cmake /home/user/ros2_ws/src/ros2_kdl_package -DCMAKE_INSTALL_PREFIX=/home/user/ros2_ws/install/ros2_kdl_package
[0.116s] -- The C compiler identification is GNU 11.4.0
[0.222s] -- The CXX compiler identification is GNU 11.4.0
[0.222s] -- Detecting C compiler ABI info
[0.286s] -- Detecting C compiler ABI info - done
[0.294s] -- Check for working C compiler: /usr/bin/cc - skipped
[0.295s] -- Detecting C compile features
[0.295s] -- Detecting C compile features - done
[0.299s] -- Detecting CXX compiler ABI info
[0.384s] -- Detecting CXX compiler ABI info - done
[0.392s] -- Check for working CXX compiler: /usr/bin/c++ - skipped
[0.392s] -- Detecting CXX compile features
[0.392s] -- Detecting CXX compile features - done
[0.399s] -- Found ament_cmake: 1.3.12 (/opt/ros/humble/share/ament_cmake/cmake)
[0.556s] -- Found Python3: /usr/bin/python3 (found version "3.10.12") found components: Interpreter 
[0.713s] -- Found urdf: 2.6.1 (/opt/ros/humble/share/urdf/cmake)
[0.807s] -- Found kdl_parser: 2.6.4 (/opt/ros/humble/share/kdl_parser/cmake)
[0.817s] -- Found eigen3_cmake_module: 0.1.1 (/opt/ros/humble/share/eigen3_cmake_module/cmake)
[0.819s] -- Found Eigen3: TRUE (found version "3.4.0") 
[0.819s] -- Ensuring Eigen3 include directory is part of orocos-kdl CMake target
[0.824s] -- Found sensor_msgs: 4.9.0 (/opt/ros/humble/share/sensor_msgs/cmake)
[0.871s] -- Found rosidl_generator_c: 3.1.7 (/opt/ros/humble/share/rosidl_generator_c/cmake)
[0.883s] -- Found rosidl_adapter: 3.1.7 (/opt/ros/humble/share/rosidl_adapter/cmake)
[0.897s] -- Found rosidl_generator_cpp: 3.1.7 (/opt/ros/humble/share/rosidl_generator_cpp/cmake)
[0.918s] -- Using all available rosidl_typesupport_c: rosidl_typesupport_fastrtps_c;rosidl_typesupport_introspection_c
[0.938s] -- Using all available rosidl_typesupport_cpp: rosidl_typesupport_fastrtps_cpp;rosidl_typesupport_introspection_cpp
[1.018s] -- Found rclcpp: 16.0.16 (/opt/ros/humble/share/rclcpp/cmake)
[1.085s] -- Found rmw_implementation_cmake: 6.1.2 (/opt/ros/humble/share/rmw_implementation_cmake/cmake)
[1.091s] -- Found rmw_fastrtps_cpp: 6.2.9 (/opt/ros/humble/share/rmw_fastrtps_cpp/cmake)
[1.135s] -- Found TinyXML2 via Config file: TinyXML2_DIR-NOTFOUND
[1.188s] -- Found OpenSSL: /usr/lib/x86_64-linux-gnu/libcrypto.so (found version "3.0.2")  
[1.191s] -- Found TinyXML2 via Config file: TinyXML2_DIR-NOTFOUND
[1.206s] -- Found FastRTPS: /opt/ros/humble/include  
[1.209s] -- Found TinyXML2 via Config file: TinyXML2_DIR-NOTFOUND
[1.219s] -- Found TinyXML2 via Config file: TinyXML2_DIR-NOTFOUND
[1.228s] -- Using RMW implementation 'rmw_fastrtps_cpp' as default
[1.247s] -- Looking for pthread.h
[1.322s] -- Looking for pthread.h - found
[1.322s] -- Performing Test CMAKE_HAVE_LIBC_PTHREAD
[1.400s] -- Performing Test CMAKE_HAVE_LIBC_PTHREAD - Success
[1.401s] -- Found Threads: TRUE  
[1.454s] -- Found rclcpp_action: 16.0.16 (/opt/ros/humble/share/rclcpp_action/cmake)
[1.502s] -- Found rosidl_default_generators: 1.2.0 (/opt/ros/humble/share/rosidl_default_generators/cmake)
[1.521s] -- Found tf2: 0.25.17 (/opt/ros/humble/share/tf2/cmake)
[1.529s] -- Found tf2_ros: 0.25.17 (/opt/ros/humble/share/tf2_ros/cmake)
[1.602s] -- Found tf2_geometry_msgs: 0.25.17 (/opt/ros/humble/share/tf2_geometry_msgs/cmake)
[1.788s] Error parsing '/home/user/ros2_ws/src/ros2_kdl_package/package.xml':
[1.788s] Traceback (most recent call last):
[1.788s]   File "/usr/lib/python3/dist-packages/catkin_pkg/package.py", line 610, in parse_package_string
[1.795s]     root = dom.parseString(data)
[1.795s]   File "/usr/lib/python3.10/xml/dom/minidom.py", line 2000, in parseString
[1.795s]     return expatbuilder.parseString(string)
[1.795s]   File "/usr/lib/python3.10/xml/dom/expatbuilder.py", line 925, in parseString
[1.795s]     return builder.parseString(string)
[1.796s]   File "/usr/lib/python3.10/xml/dom/expatbuilder.py", line 223, in parseString
[1.796s]     parser.Parse(string, True)
[1.796s] xml.parsers.expat.ExpatError: not well-formed (invalid token): line 6, column 49
[1.796s] 
[1.796s] During handling of the above exception, another exception occurred:
[1.796s] 
[1.796s] Traceback (most recent call last):
[1.796s]   File "/opt/ros/humble/share/ament_cmake_core/cmake/core/package_xml_2_cmake.py", line 150, in <module>
[1.797s]     main()
[1.797s]   File "/opt/ros/humble/share/ament_cmake_core/cmake/core/package_xml_2_cmake.py", line 53, in main
[1.797s]     raise e
[1.797s]   File "/opt/ros/humble/share/ament_cmake_core/cmake/core/package_xml_2_cmake.py", line 49, in main
[1.797s]     package = parse_package_string(
[1.797s]   File "/usr/lib/python3/dist-packages/catkin_pkg/package.py", line 612, in parse_package_string
[1.797s]     raise InvalidPackage('The manifest contains invalid XML:\n%s' % ex, filename)
[1.797s] catkin_pkg.package.InvalidPackage: Error(s) in package '/home/user/ros2_ws/src/ros2_kdl_package/package.xml':
[1.797s] The manifest contains invalid XML:
[1.797s] not well-formed (invalid token): line 6, column 49
[1.803s] [31mCMake Error at /opt/ros/humble/share/ament_cmake_core/cmake/core/ament_package_xml.cmake:95 (message):
[1.803s]   execute_process(/usr/bin/python3
[1.803s]   /opt/ros/humble/share/ament_cmake_core/cmake/core/package_xml_2_cmake.py
[1.804s]   /home/user/ros2_ws/src/ros2_kdl_package/package.xml
[1.804s]   /home/user/ros2_ws/build/ros2_kdl_package/ament_cmake_core/package.cmake)
[1.804s]   returned error code 1
[1.804s] Call Stack (most recent call first):
[1.804s]   /opt/ros/humble/share/ament_cmake_core/cmake/core/ament_package_xml.cmake:49 (_ament_package_xml)
[1.804s]   /opt/ros/humble/share/rosidl_cmake/cmake/rosidl_generate_interfaces.cmake:226 (ament_package_xml)
[1.804s]   CMakeLists.txt:27 (rosidl_generate_interfaces)
[1.804s] 
[1.804s] [0m
[1.804s] -- Configuring incomplete, errors occurred!
[1.804s] See also "/home/user/ros2_ws/build/ros2_kdl_package/CMakeFiles/CMakeOutput.log".
[1.816s] Invoked command in '/home/user/ros2_ws/build/ros2_kdl_package' returned '1': /usr/bin/cmake /home/user/ros2_ws/src/ros2_kdl_package -DCMAKE_INSTALL_PREFIX=/home/user/ros2_ws/install/ros2_kdl_package
